`{
    "f_type": "InteractionTemplate",
    "f_version": "1.0.0",
    "id": "dd54480579982720e2a8051ce5583ccb1c89a7b4741c59d458054ba2e52195e8",
    "data": {
        "type": "transaction",
        "interface": "",
        "messages": {
            "title": {
                "i18n": {
                    "en-US": "Transfer Tokens"
                }
            },
            "description": {
                "i18n": {
                    "en-US": "Transfer tokens from one account to another"
                }
            }
        },
        "cadence": "\n\timport FungibleToken from 0xFungibleTokenAddress\n\timport FlowToken from 0xFlowTokenAddress\n\t\n\t/**\n\t@f_version 1.0.0\n\t@lang en-US\n\n\t@message title: Transfer Tokens\n\t@message description: Transfer tokens from one account to another\n\t\n\t@parameter title amount: Amount\n\t@parameter title to: To\n\t@parameter description amount: The amount of FLOW tokens to send\n\t@parameter description to: The Flow account the tokens will go to\n\t\n\t@balance amount: FlowToken\n\t*/\n\n\ttransaction(amount: UFix64, to: Address) {\n\t  let vault: @FungibleToken.Vault\n\t\n\t  prepare(signer: AuthAccount) {\n\t\tself.vault \u003c- signer\n\t\t  .borrow\u003c\u0026{FungibleToken.Provider}\u003e(from: /storage/flowTokenVault)!\n\t\t  .withdraw(amount: amount)\n\t  }\n\t\n\t  execute {\n\t\tgetAccount(to)\n\t\t  .getCapability(/public/flowTokenReceiver)!\n\t\t  .borrow\u003c\u0026{FungibleToken.Receiver}\u003e()!\n\t\t  .deposit(from: \u003c-self.vault)\n\t  }\n\t}\n",
        "dependencies": {
            "0xFlowTokenAddress": {
                "FlowToken": {
                    "mainnet": {
                        "address": "0x1654653399040a61",
                        "fq_address": "A.0x1654653399040a61.FlowToken",
                        "contract": "FlowToken",
                        "pin": "0326c320322c4e8dde768ba2975c384184fb7e41765c2c87e79a2040bfc71be8",
                        "pin_block_height": 47509023
                    },
                    "testnet": {
                        "address": "0x7e60df042a9c0868",
                        "fq_address": "A.0x7e60df042a9c0868.FlowToken",
                        "contract": "FlowToken",
                        "pin": "0326c320322c4e8dde768ba2975c384184fb7e41765c2c87e79a2040bfc71be8",
                        "pin_block_height": 95808240
                    }
                }
            },
            "0xFungibleTokenAddress": {
                "FungibleToken": {
                    "mainnet": {
                        "address": "0xf233dcee88fe0abe",
                        "fq_address": "A.0xf233dcee88fe0abe.FungibleToken",
                        "contract": "FungibleToken",
                        "pin": "83c9e3d61d3b5ebf24356a9f17b5b57b12d6d56547abc73e05f820a0ae7d9cf5",
                        "pin_block_height": 34166296
                    },
                    "testnet": {
                        "address": "0x9a0766d93b6608b7",
                        "fq_address": "A.0x9a0766d93b6608b7.FungibleToken",
                        "contract": "FungibleToken",
                        "pin": "83c9e3d61d3b5ebf24356a9f17b5b57b12d6d56547abc73e05f820a0ae7d9cf5",
                        "pin_block_height": 74776482
                    }
                }
            }
        },
        "arguments": {
            "amount": {
                "index": 0,
                "type": "UFix64",
                "messages": {
                    "title": {
                        "i18n": {
                            "en-US": "Amount"
                        }
                    },
                    "description": {
                        "i18n": {
                            "en-US": "The amount of FLOW tokens to send"
                        }
                    }
                },
                "balance": "FlowToken"
            },
            "to": {
                "index": 1,
                "type": "Address",
                "messages": {
                    "title": {
                        "i18n": {
                            "en-US": "To"
                        }
                    },
                    "description": {
                        "i18n": {
                            "en-US": "The Flow account the tokens will go to"
                        }
                    }
                },
                "balance": ""
            }
        }
    }
}`
