`{
    "0xFungibleToken": {
        "FungibleToken": {
            "mainnet": {
                "address": "0xf233dcee88fe0abe",
                "fq_address": "A.0xf233dcee88fe0abe.FungibleToken",
                "contract": "FungibleToken",
                "pin": "83c9e3d61d3b5ebf24356a9f17b5b57b12d6d56547abc73e05f820a0ae7d9cf5",
                "pin_block_height": 34166296
            },
            "testnet": {
                "address": "0x9a0766d93b6608b7",
                "fq_address": "A.0x9a0766d93b6608b7.FungibleToken",
                "contract": "FungibleToken",
                "pin": "83c9e3d61d3b5ebf24356a9f17b5b57b12d6d56547abc73e05f820a0ae7d9cf5",
                "pin_block_height": 74776482
            }
        }
    }
}`
