`"{\n    \"f_type\": \"\",\n    \"f_version\": \"1.1.0\",\n    \"id\": \"\",\n    \"data\": {\n        \"type\": \"\",\n        \"interface\": \"\",\n        \"messages\": [\n            {\n                \"key\": \"title\",\n                \"i18n\": [\n                    {\n                        \"tag\": \"en-US\",\n                        \"translation\": \"Update Greeting\"\n                    }\n                ]\n            },\n            {\n                \"key\": \"description\",\n                \"i18n\": [\n                    {\n                        \"tag\": \"en-US\",\n                        \"translation\": \"Update the greeting on the HelloWorld contract\"\n                    }\n                ]\n            }\n        ],\n        \"cadence\": {\n            \"body\": \"\",\n            \"network_pins\": null\n        },\n        \"dependencies\": null,\n        \"parameters\": [\n            {\n                \"label\": \"greeting\",\n                \"index\": 0,\n                \"type\": \"\",\n                \"messages\": [\n                    {\n                        \"key\": \"title\",\n                        \"i18n\": [\n                            {\n                                \"tag\": \"en-US\",\n                                \"translation\": \"Greeting\"\n                            }\n                        ]\n                    },\n                    {\n                        \"key\": \"description\",\n                        \"i18n\": [\n                            {\n                                \"tag\": \"en-US\",\n                                \"translation\": \"The greeting to set on the HelloWorld contract\"\n                            }\n                        ]\n                    }\n                ],\n                \"balance\": \"\"\n            }\n        ]\n    }\n}"`
