`{
    "f_type": "InteractionTemplate",
    "f_version": "1.0.0",
    "id": "90f71b92526db34818081ea9855484c2230c5b06d0abc2cbd6750631429ce3f0",
    "data": {
        "type": "transaction",
        "interface": "",
        "messages": {
            "title": {
                "i18n": {
                    "en-US": "Transfer Tokens"
                }
            },
            "description": {
                "i18n": {
                    "en-US": "Transfer tokens from one account to another"
                }
            }
        },
        "cadence": "\n\timport FungibleToken from 0xFungibleToken\n\timport FlowToken from 0xFlowToken\n\t\n\ttransaction(amount: UFix64, to: Address) {\n\t  let vault: @FungibleToken.Vault\n\t\n\t  prepare(signer: AuthAccount) {\n\t\tself.vault \u003c- signer\n\t\t  .borrow\u003c\u0026{FungibleToken.Provider}\u003e(from: /storage/flowTokenVault)!\n\t\t  .withdraw(amount: amount)\n\t  }\n\t\n\t  execute {\n\t\tgetAccount(to)\n\t\t  .getCapability(/public/flowTokenReceiver)!\n\t\t  .borrow\u003c\u0026{FungibleToken.Receiver}\u003e()!\n\t\t  .deposit(from: \u003c-self.vault)\n\t  }\n\t}\n",
        "dependencies": {
            "0xFlowToken": {
                "FlowToken": {
                    "mainnet": {
                        "address": "0x1654653399040a61",
                        "fq_address": "A.0x1654653399040a61.FlowToken",
                        "contract": "FlowToken",
                        "pin": "0326c320322c4e8dde768ba2975c384184fb7e41765c2c87e79a2040bfc71be8",
                        "pin_block_height": 47509023
                    },
                    "testnet": {
                        "address": "0x7e60df042a9c0868",
                        "fq_address": "A.0x7e60df042a9c0868.FlowToken",
                        "contract": "FlowToken",
                        "pin": "0326c320322c4e8dde768ba2975c384184fb7e41765c2c87e79a2040bfc71be8",
                        "pin_block_height": 95808240
                    }
                }
            },
            "0xFungibleToken": {
                "FungibleToken": {
                    "mainnet": {
                        "address": "0xf233dcee88fe0abe",
                        "fq_address": "A.0xf233dcee88fe0abe.FungibleToken",
                        "contract": "FungibleToken",
                        "pin": "83c9e3d61d3b5ebf24356a9f17b5b57b12d6d56547abc73e05f820a0ae7d9cf5",
                        "pin_block_height": 34166296
                    },
                    "testnet": {
                        "address": "0x9a0766d93b6608b7",
                        "fq_address": "A.0x9a0766d93b6608b7.FungibleToken",
                        "contract": "FungibleToken",
                        "pin": "83c9e3d61d3b5ebf24356a9f17b5b57b12d6d56547abc73e05f820a0ae7d9cf5",
                        "pin_block_height": 74776482
                    }
                }
            }
        },
        "arguments": {
            "amount": {
                "index": 0,
                "type": "UFix64",
                "messages": {
                    "title": {
                        "i18n": {
                            "en-US": "Amount "
                        }
                    },
                    "description": {
                        "i18n": {
                            "en-US": "Number of tokens to transfer"
                        }
                    }
                },
                "balance": ""
            },
            "to": {
                "index": 1,
                "type": "Address",
                "messages": {
                    "title": {
                        "i18n": {
                            "en-US": "Account"
                        }
                    },
                    "description": {
                        "i18n": {
                            "en-US": "Destination Account"
                        }
                    }
                },
                "balance": ""
            }
        }
    }
}`
